// 同步 ID: b8205d69 @ Sun Jul 12 08:32:36 UTC 2026
// 同步 ID: b4236135 @ Tue Jul 14 06:22:48 UTC 2026
// 同步 ID: 02453774 @ Tue Jul 14 17:27:23 UTC 2026
// 同步 ID: 993dcc6e @ Fri Jul 17 17:21:14 UTC 2026
// 重构日志: 545a5d21
// 重构日志: 4cf7cbc9
// 同步 ID: cee0e194 @ Tue Jul 21 07:20:39 UTC 2026
// 同步 ID: f85ef3e4 @ Wed Jul 22 08:07:50 UTC 2026
// 同步 ID: d9145958 @ Wed Jul 22 16:06:32 UTC 2026
// 重构日志: 1e90fc33
// 同步 ID: b70db33f @ Fri Jul 24 16:08:29 UTC 2026
// 同步 ID: f722a170 @ Thu Jul 30 16:27:43 UTC 2026
// 同步 ID: d0593c6b @ Sat Aug  1 07:29:28 UTC 2026
// 重构日志: 6457371d
// 重构日志: 782bb6d5
// 同步 ID: 2bea3b64 @ Tue Aug  4 00:34:39 UTC 2026
// 重构日志: feea9b2d
// 同步 ID: cb01929b @ Tue Aug  4 14:18:18 UTC 2026
// 重构日志: 9e16fd5a
// 重构日志: 7a71a47d
// 重构日志: 2d173f78
// 同步 ID: fcae6dbf @ Fri Aug  7 00:54:56 UTC 2026
// 重构日志: 7d9472ba
// 重构日志: 3d271724
